Archive member included to satisfy reference by file (symbol)

c:/program files (x86)/atmel/studio/7.0/toolchain/avr8/avr8-gnu-toolchain/bin/../lib/gcc/avr/5.4.0/avr5\libgcc.a(_exit.o)
                              C:/Program Files (x86)/Atmel/Studio/7.0/Packs/atmel/ATmega_DFP/1.7.374/gcc/dev/atmega32a/avr5/crtatmega32a.o (exit)
c:/program files (x86)/atmel/studio/7.0/toolchain/avr8/avr8-gnu-toolchain/bin/../lib/gcc/avr/5.4.0/avr5\libgcc.a(_copy_data.o)
                              APP/APP_Program.o (__do_copy_data)
c:/program files (x86)/atmel/studio/7.0/toolchain/avr8/avr8-gnu-toolchain/bin/../lib/gcc/avr/5.4.0/avr5\libgcc.a(_clear_bss.o)
                              APP/APP_Program.o (__do_clear_bss)

Allocating common symbols
Common symbol       size              file

appMode             0x1               APP/APP_Program.o
carLEDColor         0x1               APP/APP_Program.o

Discarded input sections

 .data          0x00000000        0x0 C:/Program Files (x86)/Atmel/Studio/7.0/Packs/atmel/ATmega_DFP/1.7.374/gcc/dev/atmega32a/avr5/crtatmega32a.o
 .bss           0x00000000        0x0 C:/Program Files (x86)/Atmel/Studio/7.0/Packs/atmel/ATmega_DFP/1.7.374/gcc/dev/atmega32a/avr5/crtatmega32a.o
 .text          0x00000000        0x0 APP/APP_Program.o
 .data          0x00000000        0x0 APP/APP_Program.o
 .bss           0x00000000        0x0 APP/APP_Program.o
 .text          0x00000000        0x0 ECUAL/BUTTON/BUTTON_Program.o
 .data          0x00000000        0x0 ECUAL/BUTTON/BUTTON_Program.o
 .bss           0x00000000        0x0 ECUAL/BUTTON/BUTTON_Program.o
 .text.BUTTON_IsPressed
                0x00000000        0x6 ECUAL/BUTTON/BUTTON_Program.o
 .text          0x00000000        0x0 ECUAL/LED/LED_Program.o
 .data          0x00000000        0x0 ECUAL/LED/LED_Program.o
 .bss           0x00000000        0x0 ECUAL/LED/LED_Program.o
 .text          0x00000000        0x0 main.o
 .data          0x00000000        0x0 main.o
 .bss           0x00000000        0x0 main.o
 .text          0x00000000        0x0 MCAL/EXTI/EXTI_Program.o
 .data          0x00000000        0x0 MCAL/EXTI/EXTI_Program.o
 .bss           0x00000000        0x0 MCAL/EXTI/EXTI_Program.o
 .text.EXTI_IsFired
                0x00000000       0x16 MCAL/EXTI/EXTI_Program.o
 .text          0x00000000        0x0 MCAL/GPIO/GPIO_Program.o
 .data          0x00000000        0x0 MCAL/GPIO/GPIO_Program.o
 .bss           0x00000000        0x0 MCAL/GPIO/GPIO_Program.o
 .text.GPIO_SetPortDir
                0x00000000       0x20 MCAL/GPIO/GPIO_Program.o
 .text.GPIO_SetPortVal
                0x00000000       0x20 MCAL/GPIO/GPIO_Program.o
 .text          0x00000000        0x0 MCAL/TMR0/TMR0_Program.o
 .data          0x00000000        0x0 MCAL/TMR0/TMR0_Program.o
 .bss           0x00000000        0x0 MCAL/TMR0/TMR0_Program.o
 .text          0x00000000        0x0 TEST/TEST_Program.o
 .data          0x00000000        0x0 TEST/TEST_Program.o
 .bss           0x00000000        0x0 TEST/TEST_Program.o
 .text.GPIO_Test
                0x00000000       0x62 TEST/TEST_Program.o
 .text.TMR0_Test
                0x00000000       0x3c TEST/TEST_Program.o
 .text.LED_Test
                0x00000000       0x64 TEST/TEST_Program.o
 .text.EXTI_Test
                0x00000000       0x66 TEST/TEST_Program.o
 .text          0x00000000        0x0 c:/program files (x86)/atmel/studio/7.0/toolchain/avr8/avr8-gnu-toolchain/bin/../lib/gcc/avr/5.4.0/avr5\libgcc.a(_exit.o)
 .data          0x00000000        0x0 c:/program files (x86)/atmel/studio/7.0/toolchain/avr8/avr8-gnu-toolchain/bin/../lib/gcc/avr/5.4.0/avr5\libgcc.a(_exit.o)
 .bss           0x00000000        0x0 c:/program files (x86)/atmel/studio/7.0/toolchain/avr8/avr8-gnu-toolchain/bin/../lib/gcc/avr/5.4.0/avr5\libgcc.a(_exit.o)
 .text.libgcc.mul
                0x00000000        0x0 c:/program files (x86)/atmel/studio/7.0/toolchain/avr8/avr8-gnu-toolchain/bin/../lib/gcc/avr/5.4.0/avr5\libgcc.a(_exit.o)
 .text.libgcc.div
                0x00000000        0x0 c:/program files (x86)/atmel/studio/7.0/toolchain/avr8/avr8-gnu-toolchain/bin/../lib/gcc/avr/5.4.0/avr5\libgcc.a(_exit.o)
 .text.libgcc   0x00000000        0x0 c:/program files (x86)/atmel/studio/7.0/toolchain/avr8/avr8-gnu-toolchain/bin/../lib/gcc/avr/5.4.0/avr5\libgcc.a(_exit.o)
 .text.libgcc.prologue
                0x00000000        0x0 c:/program files (x86)/atmel/studio/7.0/toolchain/avr8/avr8-gnu-toolchain/bin/../lib/gcc/avr/5.4.0/avr5\libgcc.a(_exit.o)
 .text.libgcc.builtins
                0x00000000        0x0 c:/program files (x86)/atmel/studio/7.0/toolchain/avr8/avr8-gnu-toolchain/bin/../lib/gcc/avr/5.4.0/avr5\libgcc.a(_exit.o)
 .text.libgcc.fmul
                0x00000000        0x0 c:/program files (x86)/atmel/studio/7.0/toolchain/avr8/avr8-gnu-toolchain/bin/../lib/gcc/avr/5.4.0/avr5\libgcc.a(_exit.o)
 .text.libgcc.fixed
                0x00000000        0x0 c:/program files (x86)/atmel/studio/7.0/toolchain/avr8/avr8-gnu-toolchain/bin/../lib/gcc/avr/5.4.0/avr5\libgcc.a(_exit.o)
 .text          0x00000000        0x0 c:/program files (x86)/atmel/studio/7.0/toolchain/avr8/avr8-gnu-toolchain/bin/../lib/gcc/avr/5.4.0/avr5\libgcc.a(_copy_data.o)
 .data          0x00000000        0x0 c:/program files (x86)/atmel/studio/7.0/toolchain/avr8/avr8-gnu-toolchain/bin/../lib/gcc/avr/5.4.0/avr5\libgcc.a(_copy_data.o)
 .bss           0x00000000        0x0 c:/program files (x86)/atmel/studio/7.0/toolchain/avr8/avr8-gnu-toolchain/bin/../lib/gcc/avr/5.4.0/avr5\libgcc.a(_copy_data.o)
 .text.libgcc.mul
                0x00000000        0x0 c:/program files (x86)/atmel/studio/7.0/toolchain/avr8/avr8-gnu-toolchain/bin/../lib/gcc/avr/5.4.0/avr5\libgcc.a(_copy_data.o)
 .text.libgcc.div
                0x00000000        0x0 c:/program files (x86)/atmel/studio/7.0/toolchain/avr8/avr8-gnu-toolchain/bin/../lib/gcc/avr/5.4.0/avr5\libgcc.a(_copy_data.o)
 .text.libgcc   0x00000000        0x0 c:/program files (x86)/atmel/studio/7.0/toolchain/avr8/avr8-gnu-toolchain/bin/../lib/gcc/avr/5.4.0/avr5\libgcc.a(_copy_data.o)
 .text.libgcc.prologue
                0x00000000        0x0 c:/program files (x86)/atmel/studio/7.0/toolchain/avr8/avr8-gnu-toolchain/bin/../lib/gcc/avr/5.4.0/avr5\libgcc.a(_copy_data.o)
 .text.libgcc.builtins
                0x00000000        0x0 c:/program files (x86)/atmel/studio/7.0/toolchain/avr8/avr8-gnu-toolchain/bin/../lib/gcc/avr/5.4.0/avr5\libgcc.a(_copy_data.o)
 .text.libgcc.fmul
                0x00000000        0x0 c:/program files (x86)/atmel/studio/7.0/toolchain/avr8/avr8-gnu-toolchain/bin/../lib/gcc/avr/5.4.0/avr5\libgcc.a(_copy_data.o)
 .text.libgcc.fixed
                0x00000000        0x0 c:/program files (x86)/atmel/studio/7.0/toolchain/avr8/avr8-gnu-toolchain/bin/../lib/gcc/avr/5.4.0/avr5\libgcc.a(_copy_data.o)
 .text          0x00000000        0x0 c:/program files (x86)/atmel/studio/7.0/toolchain/avr8/avr8-gnu-toolchain/bin/../lib/gcc/avr/5.4.0/avr5\libgcc.a(_clear_bss.o)
 .data          0x00000000        0x0 c:/program files (x86)/atmel/studio/7.0/toolchain/avr8/avr8-gnu-toolchain/bin/../lib/gcc/avr/5.4.0/avr5\libgcc.a(_clear_bss.o)
 .bss           0x00000000        0x0 c:/program files (x86)/atmel/studio/7.0/toolchain/avr8/avr8-gnu-toolchain/bin/../lib/gcc/avr/5.4.0/avr5\libgcc.a(_clear_bss.o)
 .text.libgcc.mul
                0x00000000        0x0 c:/program files (x86)/atmel/studio/7.0/toolchain/avr8/avr8-gnu-toolchain/bin/../lib/gcc/avr/5.4.0/avr5\libgcc.a(_clear_bss.o)
 .text.libgcc.div
                0x00000000        0x0 c:/program files (x86)/atmel/studio/7.0/toolchain/avr8/avr8-gnu-toolchain/bin/../lib/gcc/avr/5.4.0/avr5\libgcc.a(_clear_bss.o)
 .text.libgcc   0x00000000        0x0 c:/program files (x86)/atmel/studio/7.0/toolchain/avr8/avr8-gnu-toolchain/bin/../lib/gcc/avr/5.4.0/avr5\libgcc.a(_clear_bss.o)
 .text.libgcc.prologue
                0x00000000        0x0 c:/program files (x86)/atmel/studio/7.0/toolchain/avr8/avr8-gnu-toolchain/bin/../lib/gcc/avr/5.4.0/avr5\libgcc.a(_clear_bss.o)
 .text.libgcc.builtins
                0x00000000        0x0 c:/program files (x86)/atmel/studio/7.0/toolchain/avr8/avr8-gnu-toolchain/bin/../lib/gcc/avr/5.4.0/avr5\libgcc.a(_clear_bss.o)
 .text.libgcc.fmul
                0x00000000        0x0 c:/program files (x86)/atmel/studio/7.0/toolchain/avr8/avr8-gnu-toolchain/bin/../lib/gcc/avr/5.4.0/avr5\libgcc.a(_clear_bss.o)
 .text.libgcc.fixed
                0x00000000        0x0 c:/program files (x86)/atmel/studio/7.0/toolchain/avr8/avr8-gnu-toolchain/bin/../lib/gcc/avr/5.4.0/avr5\libgcc.a(_clear_bss.o)

Memory Configuration

Name             Origin             Length             Attributes
text             0x00000000         0x00008000         xr
data             0x00800060         0x00000800         rw !x
eeprom           0x00810000         0x00000400         rw !x
fuse             0x00820000         0x00000002         rw !x
lock             0x00830000         0x00000400         rw !x
signature        0x00840000         0x00000400         rw !x
user_signatures  0x00850000         0x00000400         rw !x
*default*        0x00000000         0xffffffff

Linker script and memory map

LOAD C:/Program Files (x86)/Atmel/Studio/7.0/Packs/atmel/ATmega_DFP/1.7.374/gcc/dev/atmega32a/avr5/crtatmega32a.o
LOAD APP/APP_Program.o
LOAD ECUAL/BUTTON/BUTTON_Program.o
LOAD ECUAL/LED/LED_Program.o
LOAD main.o
LOAD MCAL/EXTI/EXTI_Program.o
LOAD MCAL/GPIO/GPIO_Program.o
LOAD MCAL/TMR0/TMR0_Program.o
LOAD TEST/TEST_Program.o
START GROUP
LOAD c:/program files (x86)/atmel/studio/7.0/toolchain/avr8/avr8-gnu-toolchain/bin/../lib/gcc/avr/5.4.0/../../../../avr/lib/avr5\libm.a
END GROUP
START GROUP
LOAD c:/program files (x86)/atmel/studio/7.0/toolchain/avr8/avr8-gnu-toolchain/bin/../lib/gcc/avr/5.4.0/avr5\libgcc.a
LOAD c:/program files (x86)/atmel/studio/7.0/toolchain/avr8/avr8-gnu-toolchain/bin/../lib/gcc/avr/5.4.0/../../../../avr/lib/avr5\libm.a
LOAD c:/program files (x86)/atmel/studio/7.0/toolchain/avr8/avr8-gnu-toolchain/bin/../lib/gcc/avr/5.4.0/../../../../avr/lib/avr5\libc.a
LOAD C:/Program Files (x86)/Atmel/Studio/7.0/Packs/atmel/ATmega_DFP/1.7.374/gcc/dev/atmega32a/avr5\libatmega32a.a
END GROUP
                [0x00000000]                __TEXT_REGION_ORIGIN__ = DEFINED (__TEXT_REGION_ORIGIN__)?__TEXT_REGION_ORIGIN__:0x0
                [0x00800060]                __DATA_REGION_ORIGIN__ = DEFINED (__DATA_REGION_ORIGIN__)?__DATA_REGION_ORIGIN__:0x800060
                [0x00008000]                __TEXT_REGION_LENGTH__ = DEFINED (__TEXT_REGION_LENGTH__)?__TEXT_REGION_LENGTH__:0x20000
                [0x00000800]                __DATA_REGION_LENGTH__ = DEFINED (__DATA_REGION_LENGTH__)?__DATA_REGION_LENGTH__:0xffa0
                [0x00000400]                __EEPROM_REGION_LENGTH__ = DEFINED (__EEPROM_REGION_LENGTH__)?__EEPROM_REGION_LENGTH__:0x10000
                [0x00000002]                __FUSE_REGION_LENGTH__ = DEFINED (__FUSE_REGION_LENGTH__)?__FUSE_REGION_LENGTH__:0x400
                0x00000400                __LOCK_REGION_LENGTH__ = DEFINED (__LOCK_REGION_LENGTH__)?__LOCK_REGION_LENGTH__:0x400
                0x00000400                __SIGNATURE_REGION_LENGTH__ = DEFINED (__SIGNATURE_REGION_LENGTH__)?__SIGNATURE_REGION_LENGTH__:0x400
                0x00000400                __USER_SIGNATURE_REGION_LENGTH__ = DEFINED (__USER_SIGNATURE_REGION_LENGTH__)?__USER_SIGNATURE_REGION_LENGTH__:0x400

.hash
 *(.hash)

.dynsym
 *(.dynsym)

.dynstr
 *(.dynstr)

.gnu.version
 *(.gnu.version)

.gnu.version_d
 *(.gnu.version_d)

.gnu.version_r
 *(.gnu.version_r)

.rel.init
 *(.rel.init)

.rela.init
 *(.rela.init)

.rel.text
 *(.rel.text)
 *(.rel.text.*)
 *(.rel.gnu.linkonce.t*)

.rela.text
 *(.rela.text)
 *(.rela.text.*)
 *(.rela.gnu.linkonce.t*)

.rel.fini
 *(.rel.fini)

.rela.fini
 *(.rela.fini)

.rel.rodata
 *(.rel.rodata)
 *(.rel.rodata.*)
 *(.rel.gnu.linkonce.r*)

.rela.rodata
 *(.rela.rodata)
 *(.rela.rodata.*)
 *(.rela.gnu.linkonce.r*)

.rel.data
 *(.rel.data)
 *(.rel.data.*)
 *(.rel.gnu.linkonce.d*)

.rela.data
 *(.rela.data)
 *(.rela.data.*)
 *(.rela.gnu.linkonce.d*)

.rel.ctors
 *(.rel.ctors)

.rela.ctors
 *(.rela.ctors)

.rel.dtors
 *(.rel.dtors)

.rela.dtors
 *(.rela.dtors)

.rel.got
 *(.rel.got)

.rela.got
 *(.rela.got)

.rel.bss
 *(.rel.bss)

.rela.bss
 *(.rela.bss)

.rel.plt
 *(.rel.plt)

.rela.plt
 *(.rela.plt)

.text           0x00000000      0x84a
 *(.vectors)
 .vectors       0x00000000       0x54 C:/Program Files (x86)/Atmel/Studio/7.0/Packs/atmel/ATmega_DFP/1.7.374/gcc/dev/atmega32a/avr5/crtatmega32a.o
                0x00000000                __vector_default
                0x00000000                __vectors
 *(.vectors)
 *(.progmem.gcc*)
                0x00000054                . = ALIGN (0x2)
                0x00000054                __trampolines_start = .
 *(.trampolines)
 .trampolines   0x00000054        0x0 linker stubs
 *(.trampolines*)
                0x00000054                __trampolines_end = .
 *libprintf_flt.a:*(.progmem.data)
 *libc.a:*(.progmem.data)
 *(.progmem*)
                0x00000054                . = ALIGN (0x2)
 *(.jumptables)
 *(.jumptables*)
 *(.lowtext)
 *(.lowtext*)
                0x00000054                __ctors_start = .
 *(.ctors)
                0x00000054                __ctors_end = .
                0x00000054                __dtors_start = .
 *(.dtors)
                0x00000054                __dtors_end = .
 SORT(*)(.ctors)
 SORT(*)(.dtors)
 *(.init0)
 .init0         0x00000054        0x0 C:/Program Files (x86)/Atmel/Studio/7.0/Packs/atmel/ATmega_DFP/1.7.374/gcc/dev/atmega32a/avr5/crtatmega32a.o
                0x00000054                __init
 *(.init0)
 *(.init1)
 *(.init1)
 *(.init2)
 .init2         0x00000054        0xc C:/Program Files (x86)/Atmel/Studio/7.0/Packs/atmel/ATmega_DFP/1.7.374/gcc/dev/atmega32a/avr5/crtatmega32a.o
 *(.init2)
 *(.init3)
 *(.init3)
 *(.init4)
 .init4         0x00000060       0x16 c:/program files (x86)/atmel/studio/7.0/toolchain/avr8/avr8-gnu-toolchain/bin/../lib/gcc/avr/5.4.0/avr5\libgcc.a(_copy_data.o)
                0x00000060                __do_copy_data
 .init4         0x00000076       0x10 c:/program files (x86)/atmel/studio/7.0/toolchain/avr8/avr8-gnu-toolchain/bin/../lib/gcc/avr/5.4.0/avr5\libgcc.a(_clear_bss.o)
                0x00000076                __do_clear_bss
 *(.init4)
 *(.init5)
 *(.init5)
 *(.init6)
 *(.init6)
 *(.init7)
 *(.init7)
 *(.init8)
 *(.init8)
 *(.init9)
 .init9         0x00000086        0x8 C:/Program Files (x86)/Atmel/Studio/7.0/Packs/atmel/ATmega_DFP/1.7.374/gcc/dev/atmega32a/avr5/crtatmega32a.o
 *(.init9)
 *(.text)
 .text          0x0000008e        0x4 C:/Program Files (x86)/Atmel/Studio/7.0/Packs/atmel/ATmega_DFP/1.7.374/gcc/dev/atmega32a/avr5/crtatmega32a.o
                0x0000008e                __vector_12
                0x0000008e                __bad_interrupt
                0x0000008e                __vector_6
                0x0000008e                __vector_3
                0x0000008e                __vector_11
                0x0000008e                __vector_13
                0x0000008e                __vector_17
                0x0000008e                __vector_19
                0x0000008e                __vector_7
                0x0000008e                __vector_5
                0x0000008e                __vector_4
                0x0000008e                __vector_9
                0x0000008e                __vector_15
                0x0000008e                __vector_8
                0x0000008e                __vector_14
                0x0000008e                __vector_10
                0x0000008e                __vector_16
                0x0000008e                __vector_18
                0x0000008e                __vector_20
                0x00000092                . = ALIGN (0x2)
 *(.text.*)
 .text.APP_Init
                0x00000092       0x4e APP/APP_Program.o
                0x00000092                APP_Init
 .text.APP_Start
                0x000000e0      0x178 APP/APP_Program.o
                0x000000e0                APP_Start
 .text.__vector_1
                0x00000258       0x90 APP/APP_Program.o
                0x00000258                __vector_1
 .text.BUTTON_Init
                0x000002e8        0x8 ECUAL/BUTTON/BUTTON_Program.o
                0x000002e8                BUTTON_Init
 .text.LED_Init
                0x000002f0        0x8 ECUAL/LED/LED_Program.o
                0x000002f0                LED_Init
 .text.LED_On   0x000002f8        0x8 ECUAL/LED/LED_Program.o
                0x000002f8                LED_On
 .text.LED_Off  0x00000300        0x8 ECUAL/LED/LED_Program.o
                0x00000300                LED_Off
 .text.LED_Blink
                0x00000308       0x5e ECUAL/LED/LED_Program.o
                0x00000308                LED_Blink
 .text.LED_TwoBlink
                0x00000366       0x70 ECUAL/LED/LED_Program.o
                0x00000366                LED_TwoBlink
 .text.LED_IsOn
                0x000003d6        0x6 ECUAL/LED/LED_Program.o
                0x000003d6                LED_IsOn
 .text.main     0x000003dc        0xa main.o
                0x000003dc                main
 .text.EXTI_ChooseISC
                0x000003e6       0xbc MCAL/EXTI/EXTI_Program.o
                0x000003e6                EXTI_ChooseISC
 .text.EXTI_Init
                0x000004a2       0x22 MCAL/EXTI/EXTI_Program.o
                0x000004a2                EXTI_Init
 .text.GPIO_SetPinDir
                0x000004c4       0xe0 MCAL/GPIO/GPIO_Program.o
                0x000004c4                GPIO_SetPinDir
 .text.GPIO_SetPinVal
                0x000005a4       0xe0 MCAL/GPIO/GPIO_Program.o
                0x000005a4                GPIO_SetPinVal
 .text.GPIO_ToggPin
                0x00000684       0x68 MCAL/GPIO/GPIO_Program.o
                0x00000684                GPIO_ToggPin
 .text.GPIO_GetPinVal
                0x000006ec       0x62 MCAL/GPIO/GPIO_Program.o
                0x000006ec                GPIO_GetPinVal
 .text.TMR0_InitNormalMode
                0x0000074e       0x16 MCAL/TMR0/TMR0_Program.o
                0x0000074e                TMR0_InitNormalMode
 .text.TMR0_Start
                0x00000764       0x86 MCAL/TMR0/TMR0_Program.o
                0x00000764                TMR0_Start
 .text.TMR0_Stop
                0x000007ea        0x4 MCAL/TMR0/TMR0_Program.o
                0x000007ea                TMR0_Stop
 .text.TMR0_GetState
                0x000007ee        0x6 MCAL/TMR0/TMR0_Program.o
                0x000007ee                TMR0_GetState
 .text.TMR0_Delay
                0x000007f4       0x34 MCAL/TMR0/TMR0_Program.o
                0x000007f4                TMR0_Delay
 .text.__vector_2
                0x00000828       0x1e TEST/TEST_Program.o
                0x00000828                __vector_2
                0x00000846                . = ALIGN (0x2)
 *(.fini9)
 .fini9         0x00000846        0x0 c:/program files (x86)/atmel/studio/7.0/toolchain/avr8/avr8-gnu-toolchain/bin/../lib/gcc/avr/5.4.0/avr5\libgcc.a(_exit.o)
                0x00000846                _exit
                0x00000846                exit
 *(.fini9)
 *(.fini8)
 *(.fini8)
 *(.fini7)
 *(.fini7)
 *(.fini6)
 *(.fini6)
 *(.fini5)
 *(.fini5)
 *(.fini4)
 *(.fini4)
 *(.fini3)
 *(.fini3)
 *(.fini2)
 *(.fini2)
 *(.fini1)
 *(.fini1)
 *(.fini0)
 .fini0         0x00000846        0x4 c:/program files (x86)/atmel/studio/7.0/toolchain/avr8/avr8-gnu-toolchain/bin/../lib/gcc/avr/5.4.0/avr5\libgcc.a(_exit.o)
 *(.fini0)
                0x0000084a                _etext = .

.data           0x00800060        0x4 load address 0x0000084a
                0x00800060                PROVIDE (__data_start, .)
 *(.data)
 *(.data*)
 .data.timerConfig_5sec
                0x00800060        0x4 APP/APP_Program.o
                0x00800060                timerConfig_5sec
 *(.gnu.linkonce.d*)
 *(.rodata)
 *(.rodata*)
 *(.gnu.linkonce.r*)
                0x00800064                . = ALIGN (0x2)
                0x00800064                _edata = .
                0x00800064                PROVIDE (__data_end, .)

.bss            0x00800064        0x3
                0x00800064                PROVIDE (__bss_start, .)
 *(.bss)
 *(.bss*)
 .bss.flag      0x00800064        0x1 TEST/TEST_Program.o
                0x00800064                flag
 *(COMMON)
 COMMON         0x00800065        0x2 APP/APP_Program.o
                0x00800065                appMode
                0x00800066                carLEDColor
                0x00800067                PROVIDE (__bss_end, .)
                0x0000084a                __data_load_start = LOADADDR (.data)
                0x0000084e                __data_load_end = (__data_load_start + SIZEOF (.data))

.noinit         0x00800067        0x0
                [!provide]                PROVIDE (__noinit_start, .)
 *(.noinit*)
                [!provide]                PROVIDE (__noinit_end, .)
                0x00800067                _end = .
                [!provide]                PROVIDE (__heap_start, .)

.eeprom         0x00810000        0x0
 *(.eeprom*)
                0x00810000                __eeprom_end = .

.fuse
 *(.fuse)
 *(.lfuse)
 *(.hfuse)
 *(.efuse)

.lock
 *(.lock*)

.signature
 *(.signature*)

.user_signatures
 *(.user_signatures*)

.stab
 *(.stab)

.stabstr
 *(.stabstr)

.stab.excl
 *(.stab.excl)

.stab.exclstr
 *(.stab.exclstr)

.stab.index
 *(.stab.index)

.stab.indexstr
 *(.stab.indexstr)

.comment        0x00000000       0x30
 *(.comment)
 .comment       0x00000000       0x30 APP/APP_Program.o
                                 0x31 (size before relaxing)
 .comment       0x00000030       0x31 ECUAL/BUTTON/BUTTON_Program.o
 .comment       0x00000030       0x31 ECUAL/LED/LED_Program.o
 .comment       0x00000030       0x31 main.o
 .comment       0x00000030       0x31 MCAL/EXTI/EXTI_Program.o
 .comment       0x00000030       0x31 MCAL/GPIO/GPIO_Program.o
 .comment       0x00000030       0x31 MCAL/TMR0/TMR0_Program.o
 .comment       0x00000030       0x31 TEST/TEST_Program.o

.note.gnu.avr.deviceinfo
                0x00000000       0x3c
 .note.gnu.avr.deviceinfo
                0x00000000       0x3c C:/Program Files (x86)/Atmel/Studio/7.0/Packs/atmel/ATmega_DFP/1.7.374/gcc/dev/atmega32a/avr5/crtatmega32a.o

.note.gnu.build-id
 *(.note.gnu.build-id)

.debug
 *(.debug)

.line
 *(.line)

.debug_srcinfo
 *(.debug_srcinfo)

.debug_sfnames
 *(.debug_sfnames)

.debug_aranges  0x00000000      0x1b8
 *(.debug_aranges)
 .debug_aranges
                0x00000000       0x30 APP/APP_Program.o
 .debug_aranges
                0x00000030       0x28 ECUAL/BUTTON/BUTTON_Program.o
 .debug_aranges
                0x00000058       0x48 ECUAL/LED/LED_Program.o
 .debug_aranges
                0x000000a0       0x20 main.o
 .debug_aranges
                0x000000c0       0x30 MCAL/EXTI/EXTI_Program.o
 .debug_aranges
                0x000000f0       0x48 MCAL/GPIO/GPIO_Program.o
 .debug_aranges
                0x00000138       0x40 MCAL/TMR0/TMR0_Program.o
 .debug_aranges
                0x00000178       0x40 TEST/TEST_Program.o

.debug_pubnames
 *(.debug_pubnames)

.debug_info     0x00000000     0x1dd6
 *(.debug_info .gnu.linkonce.wi.*)
 .debug_info    0x00000000      0x4e6 C:/Program Files (x86)/Atmel/Studio/7.0/Packs/atmel/ATmega_DFP/1.7.374/gcc/dev/atmega32a/avr5/crtatmega32a.o
 .debug_info    0x000004e6      0x786 APP/APP_Program.o
 .debug_info    0x00000c6c      0x147 ECUAL/BUTTON/BUTTON_Program.o
 .debug_info    0x00000db3      0x45e ECUAL/LED/LED_Program.o
 .debug_info    0x00001211       0xca main.o
 .debug_info    0x000012db      0x16d MCAL/EXTI/EXTI_Program.o
 .debug_info    0x00001448      0x1f1 MCAL/GPIO/GPIO_Program.o
 .debug_info    0x00001639      0x220 MCAL/TMR0/TMR0_Program.o
 .debug_info    0x00001859      0x57d TEST/TEST_Program.o

.debug_abbrev   0x00000000      0xb07
 *(.debug_abbrev)
 .debug_abbrev  0x00000000      0x4a3 C:/Program Files (x86)/Atmel/Studio/7.0/Packs/atmel/ATmega_DFP/1.7.374/gcc/dev/atmega32a/avr5/crtatmega32a.o
 .debug_abbrev  0x000004a3       0xe8 APP/APP_Program.o
 .debug_abbrev  0x0000058b       0x9c ECUAL/BUTTON/BUTTON_Program.o
 .debug_abbrev  0x00000627      0x11c ECUAL/LED/LED_Program.o
 .debug_abbrev  0x00000743       0x68 main.o
 .debug_abbrev  0x000007ab       0xcb MCAL/EXTI/EXTI_Program.o
 .debug_abbrev  0x00000876       0x8f MCAL/GPIO/GPIO_Program.o
 .debug_abbrev  0x00000905      0x113 MCAL/TMR0/TMR0_Program.o
 .debug_abbrev  0x00000a18       0xef TEST/TEST_Program.o

.debug_line     0x00000000      0xe8c
 *(.debug_line .debug_line.* .debug_line_end)
 .debug_line    0x00000000      0x116 C:/Program Files (x86)/Atmel/Studio/7.0/Packs/atmel/ATmega_DFP/1.7.374/gcc/dev/atmega32a/avr5/crtatmega32a.o
 .debug_line    0x00000116      0x319 APP/APP_Program.o
 .debug_line    0x0000042f       0xdf ECUAL/BUTTON/BUTTON_Program.o
 .debug_line    0x0000050e      0x1eb ECUAL/LED/LED_Program.o
 .debug_line    0x000006f9       0x65 main.o
 .debug_line    0x0000075e      0x12a MCAL/EXTI/EXTI_Program.o
 .debug_line    0x00000888      0x1d3 MCAL/GPIO/GPIO_Program.o
 .debug_line    0x00000a5b      0x1a5 MCAL/TMR0/TMR0_Program.o
 .debug_line    0x00000c00      0x28c TEST/TEST_Program.o

.debug_frame    0x00000000      0x38c
 *(.debug_frame)
 .debug_frame   0x00000000       0x98 APP/APP_Program.o
 .debug_frame   0x00000098       0x34 ECUAL/BUTTON/BUTTON_Program.o
 .debug_frame   0x000000cc       0xb4 ECUAL/LED/LED_Program.o
 .debug_frame   0x00000180       0x24 main.o
 .debug_frame   0x000001a4       0x4c MCAL/EXTI/EXTI_Program.o
 .debug_frame   0x000001f0       0x74 MCAL/GPIO/GPIO_Program.o
 .debug_frame   0x00000264       0x74 MCAL/TMR0/TMR0_Program.o
 .debug_frame   0x000002d8       0xb4 TEST/TEST_Program.o

.debug_str      0x00000000      0x767
 *(.debug_str)
 .debug_str     0x00000000      0x196 C:/Program Files (x86)/Atmel/Studio/7.0/Packs/atmel/ATmega_DFP/1.7.374/gcc/dev/atmega32a/avr5/crtatmega32a.o
 .debug_str     0x00000196      0x376 APP/APP_Program.o
                                0x3ab (size before relaxing)
 .debug_str     0x0000050c       0x65 ECUAL/BUTTON/BUTTON_Program.o
                                0x212 (size before relaxing)
 .debug_str     0x00000571       0xa5 ECUAL/LED/LED_Program.o
                                0x36f (size before relaxing)
 .debug_str     0x00000616       0x11 main.o
                                0x1bd (size before relaxing)
 .debug_str     0x00000627       0x77 MCAL/EXTI/EXTI_Program.o
                                0x269 (size before relaxing)
 .debug_str     0x0000069e       0x5f MCAL/GPIO/GPIO_Program.o
                                0x24f (size before relaxing)
 .debug_str     0x000006fd       0x1c MCAL/TMR0/TMR0_Program.o
                                0x2d2 (size before relaxing)
 .debug_str     0x00000719       0x4e TEST/TEST_Program.o
                                0x39f (size before relaxing)

.debug_loc      0x00000000      0xaa1
 *(.debug_loc)
 .debug_loc     0x00000000       0xfa APP/APP_Program.o
 .debug_loc     0x000000fa       0x84 ECUAL/BUTTON/BUTTON_Program.o
 .debug_loc     0x0000017e      0x370 ECUAL/LED/LED_Program.o
 .debug_loc     0x000004ee       0xca MCAL/EXTI/EXTI_Program.o
 .debug_loc     0x000005b8      0x2ac MCAL/GPIO/GPIO_Program.o
 .debug_loc     0x00000864       0xe1 MCAL/TMR0/TMR0_Program.o
 .debug_loc     0x00000945      0x15c TEST/TEST_Program.o

.debug_macinfo
 *(.debug_macinfo)

.debug_weaknames
 *(.debug_weaknames)

.debug_funcnames
 *(.debug_funcnames)

.debug_typenames
 *(.debug_typenames)

.debug_varnames
 *(.debug_varnames)

.debug_pubtypes
 *(.debug_pubtypes)

.debug_ranges   0x00000000      0x138
 *(.debug_ranges)
 .debug_ranges  0x00000000       0x20 APP/APP_Program.o
 .debug_ranges  0x00000020       0x18 ECUAL/BUTTON/BUTTON_Program.o
 .debug_ranges  0x00000038       0x38 ECUAL/LED/LED_Program.o
 .debug_ranges  0x00000070       0x10 main.o
 .debug_ranges  0x00000080       0x20 MCAL/EXTI/EXTI_Program.o
 .debug_ranges  0x000000a0       0x38 MCAL/GPIO/GPIO_Program.o
 .debug_ranges  0x000000d8       0x30 MCAL/TMR0/TMR0_Program.o
 .debug_ranges  0x00000108       0x30 TEST/TEST_Program.o

.debug_macro
 *(.debug_macro)
OUTPUT(On-demand Traffic Light Control.elf elf32-avr)
LOAD linker stubs
